[     350ms] [INFO] <Suspense> is an experimental feature and its API will likely change. @ http://localhost:8080/node_modules/.vite/deps/chunk-LG6AQRJS.js?v=f8c47add:9214
[     486ms] [WARNING] [intlify] Not found 'gameBar.viewHistory' key in 'zh' locale messages. @ http://localhost:8080/node_modules/.vite/deps/vue-i18n.js?v=f8c47add:22
[     486ms] [WARNING] [intlify] Fall back to translate 'gameBar.viewHistory' key with 'en' locale. @ http://localhost:8080/node_modules/.vite/deps/vue-i18n.js?v=f8c47add:22
[    3540ms] [WARNING] [intlify] Not found 'gameBar.rotateLayout' key in 'zh' locale messages. @ http://localhost:8080/node_modules/.vite/deps/vue-i18n.js?v=f8c47add:22
[    3541ms] [WARNING] [intlify] Fall back to translate 'gameBar.rotateLayout' key with 'en' locale. @ http://localhost:8080/node_modules/.vite/deps/vue-i18n.js?v=f8c47add:22
[    3541ms] [WARNING] [intlify] Not found 'gameBar.rotateLayout' key in 'zh' locale messages. @ http://localhost:8080/node_modules/.vite/deps/vue-i18n.js?v=f8c47add:22
[    3541ms] [WARNING] [intlify] Fall back to translate 'gameBar.rotateLayout' key with 'en' locale. @ http://localhost:8080/node_modules/.vite/deps/vue-i18n.js?v=f8c47add:22
[  927985ms] [INFO] <Suspense> is an experimental feature and its API will likely change. @ http://localhost:8080/node_modules/.vite/deps/chunk-LG6AQRJS.js?v=f8c47add:9214
[  927991ms] [INFO] Slow network is detected. See https://www.chromestatus.com/feature/5636954674692096 for more details. Fallback font will be used while loading: http://localhost:8080/fonts/NotoSans.ttf @ http://localhost:8080/#/games/c776cb6e-35b7-46d2-974e-c26513ab273f/spectate:0
[  928189ms] [WARNING] [intlify] Not found 'gameBar.viewHistory' key in 'zh' locale messages. @ http://localhost:8080/node_modules/.vite/deps/vue-i18n.js?v=f8c47add:22
[  928190ms] [WARNING] [intlify] Fall back to translate 'gameBar.viewHistory' key with 'en' locale. @ http://localhost:8080/node_modules/.vite/deps/vue-i18n.js?v=f8c47add:22
[  928303ms] [WARNING] [intlify] Not found 'gameBar.rotateLayout' key in 'zh' locale messages. @ http://localhost:8080/node_modules/.vite/deps/vue-i18n.js?v=f8c47add:22
[  928304ms] [WARNING] [intlify] Fall back to translate 'gameBar.rotateLayout' key with 'en' locale. @ http://localhost:8080/node_modules/.vite/deps/vue-i18n.js?v=f8c47add:22
[  928304ms] [WARNING] [intlify] Not found 'gameBar.rotateLayout' key in 'zh' locale messages. @ http://localhost:8080/node_modules/.vite/deps/vue-i18n.js?v=f8c47add:22
[  928304ms] [WARNING] [intlify] Fall back to translate 'gameBar.rotateLayout' key with 'en' locale. @ http://localhost:8080/node_modules/.vite/deps/vue-i18n.js?v=f8c47add:22
[  928343ms] [INFO] Slow network is detected. See https://www.chromestatus.com/feature/5636954674692096 for more details. Fallback font will be used while loading: http://localhost:8080/fonts/arkham.ttf @ http://localhost:8080/node_modules/.vite/deps/chunk-LG6AQRJS.js?v=f8c47add:11962
[ 1003814ms] [ERROR] WebSocket connection to 'ws://localhost:8080/api/v1/arkham/games/c776cb6e-35b7-46d2-974e-c26513ab273f/spectate?token=eyJhbGciOiJIUzI1NiJ9.eyJpYXQiOjEuNzgxMDg0NzU2OTQ5MjY1ZTksImlzcyI6ImFya2hhbSIsImp3dCI6Mn0.O4i159oCAp7HtlmHsIrLjXn1fJl7XLafddjersO8EF0' failed: Connection closed before receiving a handshake response @ http://localhost:8080/node_modules/.vite/deps/chunk-SGGO6KRS.js?v=f8c47add:9355
[ 1004823ms] [ERROR] WebSocket connection to 'ws://localhost:8080/api/v1/arkham/games/c776cb6e-35b7-46d2-974e-c26513ab273f/spectate?token=eyJhbGciOiJIUzI1NiJ9.eyJpYXQiOjEuNzgxMDg0NzU2OTQ5MjY1ZTksImlzcyI6ImFya2hhbSIsImp3dCI6Mn0.O4i159oCAp7HtlmHsIrLjXn1fJl7XLafddjersO8EF0' failed: Connection closed before receiving a handshake response @ http://localhost:8080/node_modules/.vite/deps/chunk-SGGO6KRS.js?v=f8c47add:9355
[ 1005827ms] [ERROR] WebSocket connection to 'ws://localhost:8080/api/v1/arkham/games/c776cb6e-35b7-46d2-974e-c26513ab273f/spectate?token=eyJhbGciOiJIUzI1NiJ9.eyJpYXQiOjEuNzgxMDg0NzU2OTQ5MjY1ZTksImlzcyI6ImFya2hhbSIsImp3dCI6Mn0.O4i159oCAp7HtlmHsIrLjXn1fJl7XLafddjersO8EF0' failed: Connection closed before receiving a handshake response @ http://localhost:8080/node_modules/.vite/deps/chunk-SGGO6KRS.js?v=f8c47add:9355
[ 1006830ms] [ERROR] WebSocket connection to 'ws://localhost:8080/api/v1/arkham/games/c776cb6e-35b7-46d2-974e-c26513ab273f/spectate?token=eyJhbGciOiJIUzI1NiJ9.eyJpYXQiOjEuNzgxMDg0NzU2OTQ5MjY1ZTksImlzcyI6ImFya2hhbSIsImp3dCI6Mn0.O4i159oCAp7HtlmHsIrLjXn1fJl7XLafddjersO8EF0' failed: Connection closed before receiving a handshake response @ http://localhost:8080/node_modules/.vite/deps/chunk-SGGO6KRS.js?v=f8c47add:9355
[ 1007833ms] [ERROR] WebSocket connection to 'ws://localhost:8080/api/v1/arkham/games/c776cb6e-35b7-46d2-974e-c26513ab273f/spectate?token=eyJhbGciOiJIUzI1NiJ9.eyJpYXQiOjEuNzgxMDg0NzU2OTQ5MjY1ZTksImlzcyI6ImFya2hhbSIsImp3dCI6Mn0.O4i159oCAp7HtlmHsIrLjXn1fJl7XLafddjersO8EF0' failed: Connection closed before receiving a handshake response @ http://localhost:8080/node_modules/.vite/deps/chunk-SGGO6KRS.js?v=f8c47add:9355
